// Jest Snapshot v1, https://goo.gl/fbAQLP

exports[`RegistrationForm component renders correctly 1`] = `
<Form
  as="form"
>
  <FormField>
    <label>
      First name
    </label>
    <input
      className="registration__firstName"
      name="firstName"
      onChange={[Function]}
      placeholder="First name"
      value=""
    />
  </FormField>
  <FormField>
    <label>
      Last name
    </label>
    <input
      className="registration__lastName"
      name="lastName"
      onChange={[Function]}
      placeholder="Last name"
      value=""
    />
  </FormField>
  <FormField>
    <label>
      Email
    </label>
    <input
      className="registration__email"
      name="email"
      onChange={[Function]}
      placeholder="Email"
      value=""
    />
  </FormField>
  <FormField>
    <label>
      Password
    </label>
    <input
      className="registration__password"
      name="password"
      onChange={[Function]}
      placeholder="Password"
      type="password"
      value=""
    />
  </FormField>
  <FormField>
    <label>
      Reenter password
    </label>
    <input
      className="registration__reenter"
      name="reenter"
      onChange={[Function]}
      placeholder="Reenter password"
      type="password"
      value=""
    />
  </FormField>
  <Checkbox
    checked={false}
    className="registration__agree"
    label="I agree to the Terms and Conditions"
    onChange={[Function]}
    type="checkbox"
  />
  <Button
    as="button"
    className="registration__button"
    disabled={true}
    onClick={[Function]}
  >
    Registration
  </Button>
</Form>
`;
