// Jest Snapshot v1, https://goo.gl/fbAQLP

exports[`RegistrationResult component renders correctly 1`] = `
<Fragment>
  <Header
    className="registered"
    textAlign="center"
  >
    Registered successfully
  </Header>
  <Button
    as={
      Object {
        "$$typeof": Symbol(react.forward_ref),
        "displayName": "Link",
        "propTypes": Object {
          "innerRef": [Function],
          "onClick": [Function],
          "replace": [Function],
          "target": [Function],
          "to": [Function],
        },
        "render": [Function],
      }
    }
    className="registered__login"
    color="olive"
    to="/login"
  >
    Login
  </Button>
</Fragment>
`;
